../my_driver/Src/my_struct.c:11:7:CreateNode	24	static
../my_driver/Src/my_struct.c:23:11:CreateNodeData_U8	24	static
../my_driver/Src/my_struct.c:38:11:CreateNodeData_U16	24	static
../my_driver/Src/my_struct.c:53:11:CreateNodeData_U32	24	static
../my_driver/Src/my_struct.c:68:11:CreateNodeData_F32	24	static
../my_driver/Src/my_struct.c:83:11:CreateNodeData_DB	32	static
../my_driver/Src/my_struct.c:98:11:CreateNodeData_PC	24	static
../my_driver/Src/my_struct.c:114:11:CreateQueue	16	static
../my_driver/Src/my_struct.c:126:6:PushQueue	24	static
../my_driver/Src/my_struct.c:151:6:PushMessQueue	16	static
../my_driver/Src/my_struct.c:161:11:PopMessQueue	24	static
../my_driver/Src/my_struct.c:176:7:PopQueue	24	static
../my_driver/Src/my_struct.c:191:10:CreateList	16	static
../my_driver/Src/my_struct.c:203:6:EnList	24	static
../my_driver/Src/my_struct.c:218:6:DeList	24	static
../my_driver/Src/my_struct.c:243:15:CreateSemaphore	16	static
../my_driver/Src/my_struct.c:256:6:TakeSemaphore	16	static
../my_driver/Src/my_struct.c:265:6:ReleaseSemaphore	24	static
../my_driver/Src/my_struct.c:276:15:CreateMessQueue	16	static
../my_driver/Src/my_struct.c:289:6:MessQueueSend_U8	24	static
../my_driver/Src/my_struct.c:296:6:MessQueueSend_U16	24	static
../my_driver/Src/my_struct.c:303:6:MessQueueSend_U32	32	static
../my_driver/Src/my_struct.c:310:6:MessQueueSend_F32	32	static
../my_driver/Src/my_struct.c:317:6:MessQueueSend_DB	32	static
../my_driver/Src/my_struct.c:324:6:MessQueueSend_PC	32	static
../my_driver/Src/my_struct.c:331:11:MessQueueReceive	32	static
